# serializer version: 1
# name: TestGetEntities.test_get_entities[url1]
  list([
    dict({
      'doi': None,
      'entity_id': 'F-Vartdalsfjorden___MO',
      'entity_type': 'MO',
      'institution': 'The Norwegian Public Roads Administration',
      'institution_edmo_code': '5778',
    }),
    dict({
      'doi': 'https://dx.doi.org/10.6092/ea84d664-07d1-4f1c-b5d2-0ac7a7fad1e0 https://doi.org/10.6092/459d8254-6c7b-4a0e-9fdb-04effe5f5a77 https://doi.org/10.6092/89576629-66d0-4b76-8382-5ee6c7820c7f',
      'entity_id': 'FNFP___VA',
      'entity_type': 'VA',
      'institution': 'IEO-CSIC Spanish Oceanographic Institute;Ifremer Scientific Information Systems for the sea;Marine Institute;British Oceanographic Data Centre',
      'institution_edmo_code': '353 486 396 43',
    }),
    dict({
      'doi': 'https://doi.org/10.6092/89576629-66d0-4b76-8382-5ee6c7820c7f',
      'entity_id': 'FMCY___VA',
      'entity_type': 'VA',
      'institution': 'Ifremer Scientific Information Systems for the sea',
      'institution_edmo_code': '486',
    }),
    dict({
      'doi': 'https://doi.org/10.13155/59938 https://doi.org/10.13155/40846 https://doi.org/10.13155/53381 https://doi.org/10.13155/36230 https://doi.org/10.13155/43494',
      'entity_id': 'SHIP___XB',
      'entity_type': 'XB',
      'institution': 'Unknown institution',
      'institution_edmo_code': '1051',
    }),
    dict({
      'doi': 'https://doi.org/10.6092/459d8254-6c7b-4a0e-9fdb-04effe5f5a77 https://doi.org/10.6092/80466a9d-1b90-4ca8-a95f-ac78723ce10a https://doi.org/10.6092/89576629-66d0-4b76-8382-5ee6c7820c7f',
      'entity_id': 'FNCM___VA',
      'entity_type': 'VA',
      'institution': 'Ifremer Scientific Information Systems for the sea',
      'institution_edmo_code': '486',
    }),
    dict({
      'doi': 'https://doi.org/10.1594/PANGAEA.965954    https://doi.org/10.1594/PANGAEA.964691    https://doi.org/10.1594/PANGAEA.964686    https://doi.org/10.1594/PANGAEA.962731    https://doi.org/10.1594/PANGAEA.957164    https://doi.org/10.1594/PANGAEA.957639    https://doi.org/10.1594/PANGAEA.952429    https://doi.org/10.1594/PANGAEA.946310    https://doi.org/10.1594/PANGAEA.953085    https://doi.org/10.1594/PANGAEA.952407    https://doi.org/10.1594/PANGAEA.945842    https://doi.org/10.1594/PANGAEA.940862    https://doi.org/10.1594/PANGAEA.945370    https://doi.org/10.1594/PANGAEA.925938    https://doi.org/10.1594/PANGAEA.933773    https://doi.org/10.1594/PANGAEA.919058    https://doi.org/10.1594/PANGAEA.971496    https://doi.org/10.1594/PANGAEA.971773',
      'entity_id': 'DBBT___VA',
      'entity_type': 'VA',
      'institution': 'The German Marine Research Alliance (DAM); Institute of Geosciences  University of Kiel; PANGAEA Data Publisher for Earth & Environmental Science (Germany); German Oceanographic Datacentre (DOD); Helmholtz Centre for Ocean Research Kiel',
      'institution_edmo_code': '5207 1498 3234 96 2947',
    }),
    dict({
      'doi': None,
      'entity_id': 'B-Sulafjorden___MO',
      'entity_type': 'MO',
      'institution': 'The Norwegian Public Roads Administration',
      'institution_edmo_code': '5778',
    }),
    dict({
      'doi': None,
      'entity_id': 'D-Breisundet___MO',
      'entity_type': 'MO',
      'institution': 'The Norwegian Public Roads Administration',
      'institution_edmo_code': '5778',
    }),
    dict({
      'doi': None,
      'entity_id': 'G-Halsafjorden___MO',
      'entity_type': 'MO',
      'institution': 'The Norwegian Public Roads Administration',
      'institution_edmo_code': '5778',
    }),
    dict({
      'doi': None,
      'entity_id': 'A-Sulafjorden___MO',
      'entity_type': 'MO',
      'institution': 'The Norwegian Public Roads Administration',
      'institution_edmo_code': '5778',
    }),
    dict({
      'doi': 'https://doi.org/10.13155/59938 https://doi.org/10.13155/40846 https://doi.org/10.13155/53381 https://doi.org/10.13155/36230 https://doi.org/10.13155/43494',
      'entity_id': 'SHIP___CT',
      'entity_type': 'CT',
      'institution': 'Unknown institution',
      'institution_edmo_code': '1051',
    }),
    dict({
      'doi': 'https://doi.org/10.13155/59938 https://doi.org/10.13155/40846 https://doi.org/10.13155/53381 https://doi.org/10.13155/36230 https://doi.org/10.13155/43494',
      'entity_id': '4802987___GL',
      'entity_type': 'GL',
      'institution': 'University of Alaska Fairbanks',
      'institution_edmo_code': '3643',
    }),
    dict({
      'doi': None,
      'entity_id': '58JH___CT',
      'entity_type': 'CT',
      'institution': 'Institute of Marine Research',
      'institution_edmo_code': '1351',
    }),
    dict({
      'doi': None,
      'entity_id': 'C-Sulafjorden___MO',
      'entity_type': 'MO',
      'institution': 'The Norwegian Public Roads Administration',
      'institution_edmo_code': '5778',
    }),
    dict({
      'doi': 'https://dx.doi.org/10.6092/ea84d664-07d1-4f1c-b5d2-0ac7a7fad1e0 https://doi.org/10.6092/459d8254-6c7b-4a0e-9fdb-04effe5f5a77 https://doi.org/10.6092/89576629-66d0-4b76-8382-5ee6c7820c7f',
      'entity_id': 'FNFP___CT',
      'entity_type': 'CT',
      'institution': 'IEO-CSIC Spanish Oceanographic Institute;Ifremer Scientific Information Systems for the sea;Marine Institute;British Oceanographic Data Centre',
      'institution_edmo_code': '353 486 396 43',
    }),
    dict({
      'doi': 'https://doi.org/10.6092/459d8254-6c7b-4a0e-9fdb-04effe5f5a77 https://dx.doi.org/10.6092/595d233c-3f8c-4497-8bd2-52725ceff96b',
      'entity_id': 'DBBH___CT',
      'entity_type': 'CT',
      'institution': 'German Oceanographic Datacentre;PANGAEA Data Publisher for Earth & Environmental Science;IEO-CSIC Spanish Oceanographic Institute;British Oceanographic Data Centre',
      'institution_edmo_code': '96 3234 353 43',
    }),
    dict({
      'doi': 'https://doi.org/10.13155/59938 https://doi.org/10.13155/40846 https://doi.org/10.13155/53381 https://doi.org/10.13155/36230 https://doi.org/10.13155/43494',
      'entity_id': 'JNSR___CT',
      'entity_type': 'CT',
      'institution': 'Japan Agency for Marine-Earth Science and Technology',
      'institution_edmo_code': '1537',
    }),
    dict({
      'doi': 'https://doi.org/10.13155/59938 https://doi.org/10.13155/40846 https://doi.org/10.13155/53381 https://doi.org/10.13155/36230 https://doi.org/10.13155/43494',
      'entity_id': 'OXYH2___TS',
      'entity_type': 'TS',
      'institution': 'IRD Centre de Bretagne',
      'institution_edmo_code': '440',
    }),
    dict({
      'doi': None,
      'entity_id': '68907___GL',
      'entity_type': 'GL',
      'institution': 'University of Bergen',
      'institution_edmo_code': '544',
    }),
    dict({
      'doi': None,
      'entity_id': '58JH___TS',
      'entity_type': 'TS',
      'institution': 'Institute of Marine Research',
      'institution_edmo_code': '1351',
    }),
    dict({
      'doi': 'https://doi.org/10.13155/59938 https://doi.org/10.13155/40846 https://doi.org/10.13155/53381 https://doi.org/10.13155/36230 https://doi.org/10.13155/43494',
      'entity_id': 'KCEJ___CT',
      'entity_type': 'CT',
      'institution': 'United states (Unknown)',
      'institution_edmo_code': '1051',
    }),
    dict({
      'doi': 'https://doi.org/10.6092/459d8254-6c7b-4a0e-9fdb-04effe5f5a77 https://doi.org/10.6092/80466a9d-1b90-4ca8-a95f-ac78723ce10a https://doi.org/10.6092/89576629-66d0-4b76-8382-5ee6c7820c7f',
      'entity_id': 'FNCM___TS',
      'entity_type': 'TS',
      'institution': 'Ifremer Scientific Information Systems for the sea',
      'institution_edmo_code': '486',
    }),
    dict({
      'doi': 'https://doi.org/10.13155/59938 https://doi.org/10.13155/40846 https://doi.org/10.13155/53381 https://doi.org/10.13155/36230 https://doi.org/10.13155/43494',
      'entity_id': 'SHIP___BO',
      'entity_type': 'BO',
      'institution': 'Unknown institution',
      'institution_edmo_code': '1051',
    }),
    dict({
      'doi': 'https://doi.org/10.6092/459d8254-6c7b-4a0e-9fdb-04effe5f5a77 https://doi.org/10.6092/80466a9d-1b90-4ca8-a95f-ac78723ce10a https://doi.org/10.6092/89576629-66d0-4b76-8382-5ee6c7820c7f',
      'entity_id': 'FNCM___CT',
      'entity_type': 'CT',
      'institution': 'Ifremer Scientific Information Systems for the sea',
      'institution_edmo_code': '486',
    }),
    dict({
      'doi': 'https://doi.org/10.13155/59938 https://doi.org/10.13155/40846 https://doi.org/10.13155/53381 https://doi.org/10.13155/36230 https://doi.org/10.13155/43494',
      'entity_id': '5801955___SD',
      'entity_type': 'SD',
      'institution': 'Saildrone',
      'institution_edmo_code': '5209',
    }),
    dict({
      'doi': None,
      'entity_id': '58GS___CT',
      'entity_type': 'CT',
      'institution': 'Institute of Marine Research',
      'institution_edmo_code': '1351',
    }),
    dict({
      'doi': 'https://dx.doi.org/10.6092/ea84d664-07d1-4f1c-b5d2-0ac7a7fad1e0',
      'entity_id': 'DBLK___CT',
      'entity_type': 'CT',
      'institution': 'PANGAEA Data Publisher for Earth & Environmental Science',
      'institution_edmo_code': '3234',
    }),
    dict({
      'doi': 'https://dx.doi.org/10.6092/ea84d664-07d1-4f1c-b5d2-0ac7a7fad1e0 https://doi.org/10.6092/459d8254-6c7b-4a0e-9fdb-04effe5f5a77 https://doi.org/10.6092/89576629-66d0-4b76-8382-5ee6c7820c7f',
      'entity_id': 'FNFP___TS',
      'entity_type': 'TS',
      'institution': 'IEO-CSIC Spanish Oceanographic Institute;Ifremer Scientific Information Systems for the sea;Marine Institute;British Oceanographic Data Centre',
      'institution_edmo_code': '353 486 396 43',
    }),
    dict({
      'doi': None,
      'entity_id': '58GS___VA',
      'entity_type': 'VA',
      'institution': 'Institute of Marine Research',
      'institution_edmo_code': '1351',
    }),
    dict({
      'doi': 'https://doi.org/10.13155/59938 https://doi.org/10.13155/40846 https://doi.org/10.13155/53381 https://doi.org/10.13155/36230 https://doi.org/10.13155/43494',
      'entity_id': 'WTEC___CT',
      'entity_type': 'CT',
      'institution': 'NOAA Office of Ocean Exploration and Research',
      'institution_edmo_code': '3589',
    }),
  ])
# ---
# name: TestGetEntities.test_get_entities[url2]
  list([
    dict({
      'doi': None,
      'entity_id': 'Baikal-HYLA0000011',
      'entity_type': 'SAT',
      'institution': 'LEGOS, CLS (Collecte Localisation Satellites), CNES',
      'institution_edmo_code': None,
    }),
    dict({
      'doi': None,
      'entity_id': 'Superior-HYLA0000005',
      'entity_type': 'SAT',
      'institution': 'LEGOS, CLS (Collecte Localisation Satellites), CNES',
      'institution_edmo_code': None,
    }),
    dict({
      'doi': None,
      'entity_id': 'Caspian-HYLA0000001',
      'entity_type': 'SAT',
      'institution': 'LEGOS, CLS (Collecte Localisation Satellites), CNES',
      'institution_edmo_code': None,
    }),
    dict({
      'doi': None,
      'entity_id': 'Greatslave-HYLA0000003',
      'entity_type': 'SAT',
      'institution': 'LEGOS, CLS (Collecte Localisation Satellites), CNES',
      'institution_edmo_code': None,
    }),
    dict({
      'doi': None,
      'entity_id': 'Winnipeg-HYLA0000004',
      'entity_type': 'SAT',
      'institution': 'LEGOS, CLS (Collecte Localisation Satellites), CNES',
      'institution_edmo_code': None,
    }),
    dict({
      'doi': None,
      'entity_id': 'Athabasca-HYLA0000033',
      'entity_type': 'SAT',
      'institution': 'LEGOS, CLS (Collecte Localisation Satellites), CNES',
      'institution_edmo_code': None,
    }),
    dict({
      'doi': None,
      'entity_id': 'Huron-HYLA0000008',
      'entity_type': 'SAT',
      'institution': 'LEGOS, CLS (Collecte Localisation Satellites), CNES',
      'institution_edmo_code': None,
    }),
    dict({
      'doi': None,
      'entity_id': 'Ladoga-HYLA0000010',
      'entity_type': 'SAT',
      'institution': 'LEGOS, CLS (Collecte Localisation Satellites), CNES',
      'institution_edmo_code': None,
    }),
    dict({
      'doi': None,
      'entity_id': 'Michigan-HYLA0000006',
      'entity_type': 'SAT',
      'institution': 'LEGOS, CLS (Collecte Localisation Satellites), CNES',
      'institution_edmo_code': None,
    }),
    dict({
      'doi': None,
      'entity_id': 'Ontario-HYLA0000007',
      'entity_type': 'SAT',
      'institution': 'LEGOS, CLS (Collecte Localisation Satellites), CNES',
      'institution_edmo_code': None,
    }),
    dict({
      'doi': None,
      'entity_id': 'Balkhash-HYLA0000012',
      'entity_type': 'SAT',
      'institution': 'LEGOS, CLS (Collecte Localisation Satellites), CNES',
      'institution_edmo_code': None,
    }),
    dict({
      'doi': None,
      'entity_id': 'Erie-HYLA0000009',
      'entity_type': 'SAT',
      'institution': 'LEGOS, CLS (Collecte Localisation Satellites), CNES',
      'institution_edmo_code': None,
    }),
    dict({
      'doi': None,
      'entity_id': 'Onega-HYLA0000100',
      'entity_type': 'SAT',
      'institution': 'LEGOS, CLS (Collecte Localisation Satellites), CNES',
      'institution_edmo_code': None,
    }),
    dict({
      'doi': None,
      'entity_id': 'Malawi-HYLA0000018',
      'entity_type': 'SAT',
      'institution': 'LEGOS, CLS (Collecte Localisation Satellites), CNES',
      'institution_edmo_code': None,
    }),
    dict({
      'doi': None,
      'entity_id': 'Bratskoye-HYLA0000110',
      'entity_type': 'SAT',
      'institution': 'LEGOS, CLS (Collecte Localisation Satellites), CNES',
      'institution_edmo_code': None,
    }),
    dict({
      'doi': None,
      'entity_id': 'Nasser-HYLA0000152',
      'entity_type': 'SAT',
      'institution': 'LEGOS, CLS (Collecte Localisation Satellites), CNES',
      'institution_edmo_code': None,
    }),
    dict({
      'doi': None,
      'entity_id': 'Rybinskoye-HYLA0000107',
      'entity_type': 'SAT',
      'institution': 'LEGOS, CLS (Collecte Localisation Satellites), CNES',
      'institution_edmo_code': None,
    }),
    dict({
      'doi': None,
      'entity_id': 'Kremenchutska-HYLA0000125',
      'entity_type': 'SAT',
      'institution': 'LEGOS, CLS (Collecte Localisation Satellites), CNES',
      'institution_edmo_code': None,
    }),
    dict({
      'doi': None,
      'entity_id': 'Tsimlyanskoye-HYLA0000128',
      'entity_type': 'SAT',
      'institution': 'LEGOS, CLS (Collecte Localisation Satellites), CNES',
      'institution_edmo_code': None,
    }),
    dict({
      'doi': None,
      'entity_id': 'Grande-TROIS',
      'entity_type': 'SAT',
      'institution': 'LEGOS, CLS (Collecte Localisation Satellites), CNES',
      'institution_edmo_code': None,
    }),
    dict({
      'doi': None,
      'entity_id': 'Issykkul-HYLA0000136',
      'entity_type': 'SAT',
      'institution': 'LEGOS, CLS (Collecte Localisation Satellites), CNES',
      'institution_edmo_code': None,
    }),
    dict({
      'doi': None,
      'entity_id': 'Tanganika-HYLA0000017',
      'entity_type': 'SAT',
      'institution': 'LEGOS, CLS (Collecte Localisation Satellites), CNES',
      'institution_edmo_code': None,
    }),
    dict({
      'doi': None,
      'entity_id': 'Victoria-HYLA0000016',
      'entity_type': 'SAT',
      'institution': 'LEGOS, CLS (Collecte Localisation Satellites), CNES',
      'institution_edmo_code': None,
    }),
    dict({
      'doi': None,
      'entity_id': 'Argentino-HYLA0000090',
      'entity_type': 'SAT',
      'institution': 'LEGOS, CLS (Collecte Localisation Satellites), CNES',
      'institution_edmo_code': None,
    }),
    dict({
      'doi': None,
      'entity_id': 'Kara-BOGAZ',
      'entity_type': 'SAT',
      'institution': 'LEGOS, CLS (Collecte Localisation Satellites), CNES',
      'institution_edmo_code': None,
    }),
    dict({
      'doi': None,
      'entity_id': 'Vanerm-HYLA0000105',
      'entity_type': 'SAT',
      'institution': 'LEGOS, CLS (Collecte Localisation Satellites), CNES',
      'institution_edmo_code': None,
    }),
    dict({
      'doi': None,
      'entity_id': 'Kariba-HYLA0000172',
      'entity_type': 'SAT',
      'institution': 'LEGOS, CLS (Collecte Localisation Satellites), CNES',
      'institution_edmo_code': None,
    }),
    dict({
      'doi': None,
      'entity_id': 'Chardarya-HYLA0001307',
      'entity_type': 'SAT',
      'institution': 'LEGOS, CLS (Collecte Localisation Satellites), CNES',
      'institution_edmo_code': None,
    }),
    dict({
      'doi': None,
      'entity_id': 'Des-BOIS',
      'entity_type': 'SAT',
      'institution': 'LEGOS, CLS (Collecte Localisation Satellites), CNES',
      'institution_edmo_code': None,
    }),
    dict({
      'doi': None,
      'entity_id': 'Nicaragua-HYLA0000072',
      'entity_type': 'SAT',
      'institution': 'LEGOS, CLS (Collecte Localisation Satellites), CNES',
      'institution_edmo_code': None,
    }),
  ])
# ---
