# serializer version: 1
# name: TestGetMetadata.test_get_metadata[url1]
  dict({
    'assets': list([
      'timeChunked',
      'geoChunked',
      'platformChunked',
    ]),
    'coordinates': list([
      dict({
        'coordinate_id': 'time',
        'maximum': 1769903940,
        'minimum': -4063996800,
        'step': None,
        'unit': 'seconds since 1970-01-01 00:00:00',
        'values': None,
      }),
      dict({
        'coordinate_id': 'longitude',
        'maximum': 179.99998474121094,
        'minimum': -180,
        'step': None,
        'unit': 'degrees_east',
        'values': None,
      }),
      dict({
        'coordinate_id': 'latitude',
        'maximum': 90,
        'minimum': -81.02686309814453,
        'step': None,
        'unit': 'degrees_north',
        'values': None,
      }),
      dict({
        'coordinate_id': 'elevation',
        'maximum': 12000,
        'minimum': -10892,
        'step': None,
        'unit': 'm',
        'values': None,
      }),
    ]),
    'dataset_id': 'cmems_obs-ins_arc_phybgcwav_mynrt_na_irr_202311--ext--history',
    'variables': list([
      'ALKW',
      'ALKY',
      'AMON',
      'ATMP',
      'ATMS',
      'ATPT',
      'CDOM',
      'CHLT',
      'CNDC',
      'CPHL',
      'DENS',
      'DEWT',
      'DOX1',
      'DOX2',
      'DOXY',
      'DRYT',
      'EWCT',
      'FCO2',
      'FLU2',
      'GSPD',
      'HCDT',
      'HCSP',
      'LGH4',
      'LGHT',
      'LINC',
      'NSCT',
      'NTAW',
      'NTIW',
      'NTRA',
      'NTRI',
      'NTRZ',
      'OSAT',
      'PCO2',
      'PHOS',
      'PHOW',
      'PHPH',
      'PSAL',
      'RELH',
      'RVFL',
      'SINC',
      'SLCA',
      'SLCW',
      'SLEV',
      'SVEL',
      'TEMP',
      'TICW',
      'TSMP',
      'TUR4',
      'VAVH',
      'VAVT',
      'VCMX',
      'VCSP',
      'VDIR',
      'VGHS',
      'VGTA',
      'VHM0',
      'VHZA',
      'VMDR',
      'VPSP',
      'VTM02',
      'VTPK',
      'VTZA',
      'VTZM',
      'VZMX',
      'WDIR',
      'WSPD',
      'WSPE',
      'WSPN',
    ]),
  })
# ---
# name: TestGetMetadata.test_get_metadata[url2]
  dict({
    'assets': list([
      'timeChunked',
      'geoChunked',
      'platformChunked',
    ]),
    'coordinates': list([
      dict({
        'coordinate_id': 'time',
        'maximum': 1703979960,
        'minimum': 717466439,
        'step': None,
        'unit': 'seconds since 1970-01-01 00:00:00',
        'values': None,
      }),
      dict({
        'coordinate_id': 'longitude',
        'maximum': 170.17,
        'minimum': -154.9,
        'step': None,
        'unit': 'degrees_east',
        'values': None,
      }),
      dict({
        'coordinate_id': 'latitude',
        'maximum': 70.59,
        'minimum': -50.33,
        'step': None,
        'unit': 'degrees_north',
        'values': None,
      }),
      dict({
        'coordinate_id': 'elevation',
        'maximum': 0,
        'minimum': 0,
        'step': None,
        'unit': 'm',
        'values': None,
      }),
    ]),
    'dataset_id': 'multi-track',
    'variables': list([
      'water_surface_height_above_reference_datum',
      'water_surface_height_uncertainty',
    ]),
  })
# ---
